<testsuites id="" name="" tests="1" failures="0" skipped="0" errors="0" time="5.763957">
<testsuite name="e2e/badge-debug.spec.ts" timestamp="2025-08-08T09:25:55.635Z" hostname="chromium" tests="1" failures="0" skipped="0" time="4.724" errors="0">
<testcase name="Badge Debug Tests › Debug page state" classname="e2e/badge-debug.spec.ts" time="4.724">
<system-out>
<![CDATA[📸 Screenshot saved: debug-page-state.png
📄 Page title: Phòng Kinh Doanh
🔗 Page URL: http://localhost:3000/auth/region-selection
🔐 Login button exists: false
🌍 On region selection page, need to select region...
🔘 Found 3 buttons on region page
🔘 Button 0: Trưởng PhòngKhổng Đức Mạnh
🔘 Button 1: Hà NộiKhu vực miền Bắc
🔘 Button 2: Hồ Chí MinhKhu vực miền Nam
🔘 Clicking Hà Nội button
🔗 New URL after region selection: http://localhost:3000/auth/region-selection
🧪 Debugging page state...
📊 Total elements on page: 49
🏷️ Task items found: 0
🏷️ Badges found: 0
🔘 Buttons found: 3
📦 Divs found: 17
📝 Page contains "task": false
📝 Page contains "công việc": false
📝 Page contains "Đăng nhập": false
🏷️ Task items after wait: 0
]]>
</system-out>
</testcase>
</testsuite>
</testsuites>